// Jest Snapshot v1, https://goo.gl/fbAQLP

exports[`<StoryTitle /> should render and match the snapshot 1`] = `
<a
  href="https://localhost.com"
  rel="noreferrer"
  target="_blank"
  tw="text-base font-bold text-white sm:text-xl hover:opacity-80 hover:no-underline"
>
  story name
</a>
`;
