// Jest Snapshot v1, https://goo.gl/fbAQLP

exports[`loadable should render LazyComponent after waiting for it to load 1`] = `
<div>
  My lazy-loaded component
</div>
`;
